Archive member included to satisfy reference by file (symbol)

/home/guilherme/st/stm32cubeide_1.16.0/plugins/com.st.stm32cube.ide.mcu.externaltools.gnu-tools-for-stm32.12.3.rel1.linux64_1.0.200.202406132123/tools/bin/../lib/gcc/arm-none-eabi/12.3.1/../../../../arm-none-eabi/lib/thumb/v7-m/nofp/libc_nano.a(libc_a-exit.o)
                              /home/guilherme/st/stm32cubeide_1.16.0/plugins/com.st.stm32cube.ide.mcu.externaltools.gnu-tools-for-stm32.12.3.rel1.linux64_1.0.200.202406132123/tools/bin/../lib/gcc/arm-none-eabi/12.3.1/../../../../arm-none-eabi/lib/thumb/v7-m/nofp/crt0.o (exit)
/home/guilherme/st/stm32cubeide_1.16.0/plugins/com.st.stm32cube.ide.mcu.externaltools.gnu-tools-for-stm32.12.3.rel1.linux64_1.0.200.202406132123/tools/bin/../lib/gcc/arm-none-eabi/12.3.1/../../../../arm-none-eabi/lib/thumb/v7-m/nofp/libc_nano.a(libc_a-findfp.o)
                              /home/guilherme/st/stm32cubeide_1.16.0/plugins/com.st.stm32cube.ide.mcu.externaltools.gnu-tools-for-stm32.12.3.rel1.linux64_1.0.200.202406132123/tools/bin/../lib/gcc/arm-none-eabi/12.3.1/../../../../arm-none-eabi/lib/thumb/v7-m/nofp/libc_nano.a(libc_a-exit.o) (__stdio_exit_handler)
/home/guilherme/st/stm32cubeide_1.16.0/plugins/com.st.stm32cube.ide.mcu.externaltools.gnu-tools-for-stm32.12.3.rel1.linux64_1.0.200.202406132123/tools/bin/../lib/gcc/arm-none-eabi/12.3.1/../../../../arm-none-eabi/lib/thumb/v7-m/nofp/libc_nano.a(libc_a-fwalk.o)
                              /home/guilherme/st/stm32cubeide_1.16.0/plugins/com.st.stm32cube.ide.mcu.externaltools.gnu-tools-for-stm32.12.3.rel1.linux64_1.0.200.202406132123/tools/bin/../lib/gcc/arm-none-eabi/12.3.1/../../../../arm-none-eabi/lib/thumb/v7-m/nofp/libc_nano.a(libc_a-findfp.o) (_fwalk_sglue)
/home/guilherme/st/stm32cubeide_1.16.0/plugins/com.st.stm32cube.ide.mcu.externaltools.gnu-tools-for-stm32.12.3.rel1.linux64_1.0.200.202406132123/tools/bin/../lib/gcc/arm-none-eabi/12.3.1/../../../../arm-none-eabi/lib/thumb/v7-m/nofp/libc_nano.a(libc_a-stdio.o)
                              /home/guilherme/st/stm32cubeide_1.16.0/plugins/com.st.stm32cube.ide.mcu.externaltools.gnu-tools-for-stm32.12.3.rel1.linux64_1.0.200.202406132123/tools/bin/../lib/gcc/arm-none-eabi/12.3.1/../../../../arm-none-eabi/lib/thumb/v7-m/nofp/libc_nano.a(libc_a-findfp.o) (__sread)
/home/guilherme/st/stm32cubeide_1.16.0/plugins/com.st.stm32cube.ide.mcu.externaltools.gnu-tools-for-stm32.12.3.rel1.linux64_1.0.200.202406132123/tools/bin/../lib/gcc/arm-none-eabi/12.3.1/../../../../arm-none-eabi/lib/thumb/v7-m/nofp/libc_nano.a(libc_a-memset.o)
                              /home/guilherme/st/stm32cubeide_1.16.0/plugins/com.st.stm32cube.ide.mcu.externaltools.gnu-tools-for-stm32.12.3.rel1.linux64_1.0.200.202406132123/tools/bin/../lib/gcc/arm-none-eabi/12.3.1/../../../../arm-none-eabi/lib/thumb/v7-m/nofp/crt0.o (memset)
/home/guilherme/st/stm32cubeide_1.16.0/plugins/com.st.stm32cube.ide.mcu.externaltools.gnu-tools-for-stm32.12.3.rel1.linux64_1.0.200.202406132123/tools/bin/../lib/gcc/arm-none-eabi/12.3.1/../../../../arm-none-eabi/lib/thumb/v7-m/nofp/libc_nano.a(libc_a-closer.o)
                              /home/guilherme/st/stm32cubeide_1.16.0/plugins/com.st.stm32cube.ide.mcu.externaltools.gnu-tools-for-stm32.12.3.rel1.linux64_1.0.200.202406132123/tools/bin/../lib/gcc/arm-none-eabi/12.3.1/../../../../arm-none-eabi/lib/thumb/v7-m/nofp/libc_nano.a(libc_a-stdio.o) (_close_r)
/home/guilherme/st/stm32cubeide_1.16.0/plugins/com.st.stm32cube.ide.mcu.externaltools.gnu-tools-for-stm32.12.3.rel1.linux64_1.0.200.202406132123/tools/bin/../lib/gcc/arm-none-eabi/12.3.1/../../../../arm-none-eabi/lib/thumb/v7-m/nofp/libc_nano.a(libc_a-reent.o)
                              /home/guilherme/st/stm32cubeide_1.16.0/plugins/com.st.stm32cube.ide.mcu.externaltools.gnu-tools-for-stm32.12.3.rel1.linux64_1.0.200.202406132123/tools/bin/../lib/gcc/arm-none-eabi/12.3.1/../../../../arm-none-eabi/lib/thumb/v7-m/nofp/libc_nano.a(libc_a-closer.o) (errno)
/home/guilherme/st/stm32cubeide_1.16.0/plugins/com.st.stm32cube.ide.mcu.externaltools.gnu-tools-for-stm32.12.3.rel1.linux64_1.0.200.202406132123/tools/bin/../lib/gcc/arm-none-eabi/12.3.1/../../../../arm-none-eabi/lib/thumb/v7-m/nofp/libc_nano.a(libc_a-impure.o)
                              /home/guilherme/st/stm32cubeide_1.16.0/plugins/com.st.stm32cube.ide.mcu.externaltools.gnu-tools-for-stm32.12.3.rel1.linux64_1.0.200.202406132123/tools/bin/../lib/gcc/arm-none-eabi/12.3.1/../../../../arm-none-eabi/lib/thumb/v7-m/nofp/libc_nano.a(libc_a-reent.o) (_impure_ptr)
/home/guilherme/st/stm32cubeide_1.16.0/plugins/com.st.stm32cube.ide.mcu.externaltools.gnu-tools-for-stm32.12.3.rel1.linux64_1.0.200.202406132123/tools/bin/../lib/gcc/arm-none-eabi/12.3.1/../../../../arm-none-eabi/lib/thumb/v7-m/nofp/libc_nano.a(libc_a-lseekr.o)
[...]
Memory Configuration

Name             Origin             Length             Attributes
RAM              0x20000000         0x00005000         xrw
FLASH            0x08000000         0x00010000         xr
*default*        0x00000000         0xffffffff

Linker script and memory map

LOAD /home/guilherme/st/stm32cubeide_1.16.0/plugins/com.st.stm32cube.ide.mcu.externaltools.gnu-tools-for-stm32.12.3.rel1.linux64_1.0.200.202406132123/tools/bin/../lib/gcc/arm-none-eabi/12.3.1/thumb/v7-m/nofp/crti.o
LOAD /home/guilherme/st/stm32cubeide_1.16.0/plugins/com.st.stm32cube.ide.mcu.externaltools.gnu-tools-for-stm32.12.3.rel1.linux64_1.0.200.202406132123/tools/bin/../lib/gcc/arm-none-eabi/12.3.1/thumb/v7-m/nofp/crtbegin.o
LOAD /home/guilherme/st/stm32cubeide_1.16.0/plugins/com.st.stm32cube.ide.mcu.externaltools.gnu-tools-for-stm32.12.3.rel1.linux64_1.0.200.202406132123/tools/bin/../lib/gcc/arm-none-eabi/12.3.1/../../../../arm-none-eabi/lib/thumb/v7-m/nofp/crt0.o
LOAD ./Src/main.o
LOAD ./Src/syscalls.o
LOAD ./Src/sysmem.o
LOAD ./Src/uart.o
LOAD ./Startup/startup_stm32f103c8tx.o
START GROUP
LOAD /home/guilherme/st/stm32cubeide_1.16.0/plugins/com.st.stm32cube.ide.mcu.externaltools.gnu-tools-for-stm32.12.3.rel1.linux64_1.0.200.202406132123/tools/bin/../lib/gcc/arm-none-eabi/12.3.1/../../../../arm-none-eabi/lib/thumb/v7-m/nofp/libc_nano.a
LOAD /home/guilherme/st/stm32cubeide_1.16.0/plugins/com.st.stm32cube.ide.mcu.externaltools.gnu-tools-for-stm32.12.3.rel1.linux64_1.0.200.202406132123/tools/bin/../lib/gcc/arm-none-eabi/12.3.1/../../../../arm-none-eabi/lib/thumb/v7-m/nofp/libm.a
END GROUP
START GROUP
LOAD /home/guilherme/st/stm32cubeide_1.16.0/plugins/com.st.stm32cube.ide.mcu.externaltools.gnu-tools-for-stm32.12.3.rel1.linux64_1.0.200.202406132123/tools/bin/../lib/gcc/arm-none-eabi/12.3.1/thumb/v7-m/nofp/libgcc.a
LOAD /home/guilherme/st/stm32cubeide_1.16.0/plugins/com.st.stm32cube.ide.mcu.externaltools.gnu-tools-for-stm32.12.3.rel1.linux64_1.0.200.202406132123/tools/bin/../lib/gcc/arm-none-eabi/12.3.1/../../../../arm-none-eabi/lib/thumb/v7-m/nofp/libc_nano.a
END GROUP
START GROUP
LOAD /home/guilherme/st/stm32cubeide_1.16.0/plugins/com.st.stm32cube.ide.mcu.externaltools.gnu-tools-for-stm32.12.3.rel1.linux64_1.0.200.202406132123/tools/bin/../lib/gcc/arm-none-eabi/12.3.1/thumb/v7-m/nofp/libgcc.a
LOAD /home/guilherme/st/stm32cubeide_1.16.0/plugins/com.st.stm32cube.ide.mcu.externaltools.gnu-tools-for-stm32.12.3.rel1.linux64_1.0.200.202406132123/tools/bin/../lib/gcc/arm-none-eabi/12.3.1/../../../../arm-none-eabi/lib/thumb/v7-m/nofp/libc_nano.a
LOAD /home/guilherme/st/stm32cubeide_1.16.0/plugins/com.st.stm32cube.ide.mcu.externaltools.gnu-tools-for-stm32.12.3.rel1.linux64_1.0.200.202406132123/tools/bin/../lib/gcc/arm-none-eabi/12.3.1/../../../../arm-none-eabi/lib/thumb/v7-m/nofp/libnosys.a
END GROUP
START GROUP
LOAD /home/guilherme/st/stm32cubeide_1.16.0/plugins/com.st.stm32cube.ide.mcu.externaltools.gnu-tools-for-stm32.12.3.rel1.linux64_1.0.200.202406132123/tools/bin/../lib/gcc/arm-none-eabi/12.3.1/thumb/v7-m/nofp/libgcc.a
LOAD /home/guilherme/st/stm32cubeide_1.16.0/plugins/com.st.stm32cube.ide.mcu.externaltools.gnu-tools-for-stm32.12.3.rel1.linux64_1.0.200.202406132123/tools/bin/../lib/gcc/arm-none-eabi/12.3.1/../../../../arm-none-eabi/lib/thumb/v7-m/nofp/libc_nano.a
LOAD /home/guilherme/st/stm32cubeide_1.16.0/plugins/com.st.stm32cube.ide.mcu.externaltools.gnu-tools-for-stm32.12.3.rel1.linux64_1.0.200.202406132123/tools/bin/../lib/gcc/arm-none-eabi/12.3.1/../../../../arm-none-eabi/lib/thumb/v7-m/nofp/libnosys.a
END GROUP
LOAD /home/guilherme/st/stm32cubeide_1.16.0/plugins/com.st.stm32cube.ide.mcu.externaltools.gnu-tools-for-stm32.12.3.rel1.linux64_1.0.200.202406132123/tools/bin/../lib/gcc/arm-none-eabi/12.3.1/thumb/v7-m/nofp/crtend.o
LOAD /home/guilherme/st/stm32cubeide_1.16.0/plugins/com.st.stm32cube.ide.mcu.externaltools.gnu-tools-for-stm32.12.3.rel1.linux64_1.0.200.202406132123/tools/bin/../lib/gcc/arm-none-eabi/12.3.1/thumb/v7-m/nofp/crtn.o
                0x20005000                        _estack = (ORIGIN (RAM) + LENGTH (RAM))
                0x00000200                        _Min_Heap_Size = 0x200
                0x00000400                        _Min_Stack_Size = 0x400

.isr_vector     0x08000000      0x130
                0x08000000                        . = ALIGN (0x4)
 *(.isr_vector)
 .isr_vector    0x08000000      0x130 ./Startup/startup_stm32f103c8tx.o
                0x08000000                g_pfnVectors
                0x08000130                        . = ALIGN (0x4)

.text           0x08000130      0x3d8
                0x08000130                        . = ALIGN (0x4)
 *(.text)
 .text          0x08000130       0x40 /home/guilherme/st/stm32cubeide_1.16.0/plugins/com.st.stm32cube.ide.mcu.externaltools.gnu-tools-for-stm32.12.3.rel1.linux64_1.0.200.202406132123/tools/bin/../lib/gcc/arm-none-eabi/12.3.1/thumb/v7-m/nofp/crtbegin.o
 *(.text*)
 .text.__NVIC_EnableIRQ
                0x08000170       0x38 ./Src/main.o
 .text.TIM3_IRQHandler
                0x080001a8       0x34 ./Src/main.o
                0x080001a8                TIM3_IRQHandler
 .text.USART1_IRQHandler
                0x080001dc       0x80 ./Src/main.o
                0x080001dc                USART1_IRQHandler
 .text.main     0x0800025c       0x18 ./Src/main.o
                0x0800025c                main
 .text.timerSetup
                0x08000274       0x48 ./Src/main.o
                0x08000274                timerSetup
 .text.pwmSetup
                0x080002bc       0x74 ./Src/main.o
                0x080002bc                pwmSetup
 .text.gpioSetup
                0x08000330       0xa0 ./Src/main.o
                0x08000330                gpioSetup
 .text.__NVIC_EnableIRQ
                0x080003d0       0x38 ./Src/uart.o
 .text.usartSetup
                0x08000408       0x4c ./Src/uart.o
                0x08000408                usartSetup
 .text.Reset_Handler
                0x08000454       0x50 ./Startup/startup_stm32f103c8tx.o
                0x08000454                Reset_Handler
 .text.Default_Handler
                0x080004a4        0x2 ./Startup/startup_stm32f103c8tx.o
                0x080004a4                EXTI2_IRQHandler
                0x080004a4                TIM8_TRG_COM_IRQHandler
                0x080004a4                TIM8_CC_IRQHandler
                0x080004a4                DebugMon_Handler
                0x080004a4                TIM1_CC_IRQHandler
                0x080004a4                HardFault_Handler
                0x080004a4                TIM6_IRQHandler
                0x080004a4                SysTick_Handler
                0x080004a4                PVD_IRQHandler
                0x080004a4                SDIO_IRQHandler
                0x080004a4                PendSV_Handler
                0x080004a4                NMI_Handler
                0x080004a4                EXTI3_IRQHandler
                0x080004a4                USB_HP_CAN_TX_IRQHandler
                0x080004a4                EXTI0_IRQHandler
                0x080004a4                I2C2_EV_IRQHandler
                0x080004a4                UsageFault_Handler
                0x080004a4                ADC1_2_IRQHandler
                0x080004a4                SPI1_IRQHandler
                0x080004a4                CAN_SCE_IRQHandler
                0x080004a4                TAMPER_IRQHandler
                0x080004a4                TIM8_UP_IRQHandler
                0x080004a4                DMA2_Channel2_IRQHandler
                0x080004a4                DMA1_Channel4_IRQHandler
                0x080004a4                USART3_IRQHandler
                0x080004a4                RTC_IRQHandler
                0x080004a4                DMA1_Channel7_IRQHandler
                0x080004a4                UART5_IRQHandler
                0x080004a4                ADC3_IRQHandler
                0x080004a4                TIM4_IRQHandler
                0x080004a4                CAN_RX1_IRQHandler
                0x080004a4                DMA2_Channel1_IRQHandler
                0x080004a4                I2C1_EV_IRQHandler
                0x080004a4                DMA1_Channel6_IRQHandler
                0x080004a4                UART4_IRQHandler
                0x080004a4                RCC_IRQHandler
                0x080004a4                TIM1_TRG_COM_IRQHandler
                0x080004a4                DMA1_Channel1_IRQHandler
                0x080004a4                Default_Handler
                0x080004a4                EXTI15_10_IRQHandler
                0x080004a4                TIM7_IRQHandler
                0x080004a4                TIM5_IRQHandler
                0x080004a4                EXTI9_5_IRQHandler
                0x080004a4                SPI2_IRQHandler
                0x080004a4                USB_LP_CAN_RX0_IRQHandler
                0x080004a4                MemManage_Handler
                0x080004a4                SVC_Handler
                0x080004a4                DMA1_Channel5_IRQHandler
                0x080004a4                EXTI4_IRQHandler
                0x080004a4                DMA1_Channel3_IRQHandler
                0x080004a4                FSMC_IRQHandler
                0x080004a4                TIM1_UP_IRQHandler
                0x080004a4                WWDG_IRQHandler
                0x080004a4                TIM2_IRQHandler
                0x080004a4                TIM1_BRK_IRQHandler
                0x080004a4                EXTI1_IRQHandler
                0x080004a4                RTCAlarm_IRQHandler
                0x080004a4                DMA2_Channel4_5_IRQHandler
                0x080004a4                USART2_IRQHandler
                0x080004a4                I2C2_ER_IRQHandler
                0x080004a4                DMA1_Channel2_IRQHandler
                0x080004a4                TIM8_BRK_IRQHandler
                0x080004a4                FLASH_IRQHandler
                0x080004a4                BusFault_Handler
                0x080004a4                SPI3_IRQHandler
                0x080004a4                I2C1_ER_IRQHandler
                0x080004a4                DMA2_Channel3_IRQHandler
 *fill*         0x080004a6        0x2 
 .text.__libc_init_array
                0x080004a8       0x48 /home/guilherme/st/stm32cubeide_1.16.0/plugins/com.st.stm32cube.ide.mcu.externaltools.gnu-tools-for-stm32.12.3.rel1.linux64_1.0.200.202406132123/tools/bin/../lib/gcc/arm-none-eabi/12.3.1/../../../../arm-none-eabi/lib/thumb/v7-m/nofp/libc_nano.a(libc_a-init.o)
                0x080004a8                __libc_init_array
 *(.glue_7)
 .glue_7        0x080004f0        0x0 linker stubs
 *(.glue_7t)
 .glue_7t       0x080004f0        0x0 linker stubs
 *(.eh_frame)
 .eh_frame      0x080004f0        0x0 /home/guilherme/st/stm32cubeide_1.16.0/plugins/com.st.stm32cube.ide.mcu.externaltools.gnu-tools-for-stm32.12.3.rel1.linux64_1.0.200.202406132123/tools/bin/../lib/gcc/arm-none-eabi/12.3.1/thumb/v7-m/nofp/crtbegin.o
 *(.init)
 .init          0x080004f0        0x4 /home/guilherme/st/stm32cubeide_1.16.0/plugins/com.st.stm32cube.ide.mcu.externaltools.gnu-tools-for-stm32.12.3.rel1.linux64_1.0.200.202406132123/tools/bin/../lib/gcc/arm-none-eabi/12.3.1/thumb/v7-m/nofp/crti.o
                0x080004f0                _init
 .init          0x080004f4        0x8 /home/guilherme/st/stm32cubeide_1.16.0/plugins/com.st.stm32cube.ide.mcu.externaltools.gnu-tools-for-stm32.12.3.rel1.linux64_1.0.200.202406132123/tools/bin/../lib/gcc/arm-none-eabi/12.3.1/thumb/v7-m/nofp/crtn.o
 *(.fini)
 .fini          0x080004fc        0x4 /home/guilherme/st/stm32cubeide_1.16.0/plugins/com.st.stm32cube.ide.mcu.externaltools.gnu-tools-for-stm32.12.3.rel1.linux64_1.0.200.202406132123/tools/bin/../lib/gcc/arm-none-eabi/12.3.1/thumb/v7-m/nofp/crti.o
                0x080004fc                _fini
 .fini          0x08000500        0x8 /home/guilherme/st/stm32cubeide_1.16.0/plugins/com.st.stm32cube.ide.mcu.externaltools.gnu-tools-for-stm32.12.3.rel1.linux64_1.0.200.202406132123/tools/bin/../lib/gcc/arm-none-eabi/12.3.1/thumb/v7-m/nofp/crtn.o
                0x08000508                        . = ALIGN (0x4)
                0x08000508                        _etext = .

.vfp11_veneer   0x08000508        0x0
 .vfp11_veneer  0x08000508        0x0 linker stubs

.v4_bx          0x08000508        0x0
 .v4_bx         0x08000508        0x0 linker stubs

.iplt           0x08000508        0x0
 .iplt          0x08000508        0x0 /home/guilherme/st/stm32cubeide_1.16.0/plugins/com.st.stm32cube.ide.mcu.externaltools.gnu-tools-for-stm32.12.3.rel1.linux64_1.0.200.202406132123/tools/bin/../lib/gcc/arm-none-eabi/12.3.1/thumb/v7-m/nofp/crtbegin.o

.rel.dyn        0x08000508        0x0
 .rel.iplt      0x08000508        0x0 /home/guilherme/st/stm32cubeide_1.16.0/plugins/com.st.stm32cube.ide.mcu.externaltools.gnu-tools-for-stm32.12.3.rel1.linux64_1.0.200.202406132123/tools/bin/../lib/gcc/arm-none-eabi/12.3.1/thumb/v7-m/nofp/crtbegin.o

.rodata         0x08000508        0x0
                0x08000508                        . = ALIGN (0x4)
 *(.rodata)
 *(.rodata*)
                0x08000508                        . = ALIGN (0x4)

.ARM.extab      0x08000508        0x0
                0x08000508                        . = ALIGN (0x4)
 *(.ARM.extab* .gnu.linkonce.armextab.*)
                0x08000508                        . = ALIGN (0x4)

.ARM            0x08000508        0x0
                0x08000508                        . = ALIGN (0x4)
                0x08000508                        __exidx_start = .
 *(.ARM.exidx*)
                0x08000508                        __exidx_end = .
                0x08000508                        . = ALIGN (0x4)

.preinit_array  0x08000508        0x0
                0x08000508                        . = ALIGN (0x4)
                0x08000508                        PROVIDE (__preinit_array_start = .)
 *(.preinit_array*)
                0x08000508                        PROVIDE (__preinit_array_end = .)
                0x08000508                        . = ALIGN (0x4)

.init_array     0x08000508        0x4
                0x08000508                        . = ALIGN (0x4)
                0x08000508                        PROVIDE (__init_array_start = .)
 *(SORT_BY_NAME(.init_array.*))
 *(.init_array*)
 .init_array    0x08000508        0x4 /home/guilherme/st/stm32cubeide_1.16.0/plugins/com.st.stm32cube.ide.mcu.externaltools.gnu-tools-for-stm32.12.3.rel1.linux64_1.0.200.202406132123/tools/bin/../lib/gcc/arm-none-eabi/12.3.1/thumb/v7-m/nofp/crtbegin.o
                0x0800050c                        PROVIDE (__init_array_end = .)
                0x0800050c                        . = ALIGN (0x4)

.fini_array     0x0800050c        0x4
                0x0800050c                        . = ALIGN (0x4)
                [!provide]                        PROVIDE (__fini_array_start = .)
 *(SORT_BY_NAME(.fini_array.*))
 *(.fini_array*)
 .fini_array    0x0800050c        0x4 /home/guilherme/st/stm32cubeide_1.16.0/plugins/com.st.stm32cube.ide.mcu.externaltools.gnu-tools-for-stm32.12.3.rel1.linux64_1.0.200.202406132123/tools/bin/../lib/gcc/arm-none-eabi/12.3.1/thumb/v7-m/nofp/crtbegin.o
                [!provide]                        PROVIDE (__fini_array_end = .)
                0x08000510                        . = ALIGN (0x4)
                0x08000510                        _sidata = LOADADDR (.data)

.data           0x20000000        0x0 load address 0x08000510
                0x20000000                        . = ALIGN (0x4)
                0x20000000                        _sdata = .
 *(.data)
 *(.data*)
 *(.RamFunc)
 *(.RamFunc*)
                0x20000000                        . = ALIGN (0x4)
                0x20000000                        _edata = .

.igot.plt       0x20000000        0x0 load address 0x08000510
 .igot.plt      0x20000000        0x0 /home/guilherme/st/stm32cubeide_1.16.0/plugins/com.st.stm32cube.ide.mcu.externaltools.gnu-tools-for-stm32.12.3.rel1.linux64_1.0.200.202406132123/tools/bin/../lib/gcc/arm-none-eabi/12.3.1/thumb/v7-m/nofp/crtbegin.o
                0x20000000                        . = ALIGN (0x4)

.bss            0x20000000       0x28 load address 0x08000510
                0x20000000                        _sbss = .
                0x20000000                        __bss_start__ = _sbss
 *(.bss)
 .bss           0x20000000       0x1c /home/guilherme/st/stm32cubeide_1.16.0/plugins/com.st.stm32cube.ide.mcu.externaltools.gnu-tools-for-stm32.12.3.rel1.linux64_1.0.200.202406132123/tools/bin/../lib/gcc/arm-none-eabi/12.3.1/thumb/v7-m/nofp/crtbegin.o
 *(.bss*)
 .bss.ch        0x2000001c        0x1 ./Src/main.o
                0x2000001c                ch
 *fill*         0x2000001d        0x1 
 .bss.demoEN    0x2000001e        0x2 ./Src/main.o
                0x2000001e                demoEN
 .bss.TIM3Tick_TASK
                0x20000020        0x4 ./Src/main.o
                0x20000020                TIM3Tick_TASK
 .bss.numberFlag
                0x20000024        0x4 ./Src/main.o
                0x20000024                numberFlag
 *(COMMON)
                0x20000028                        . = ALIGN (0x4)
                0x20000028                        _ebss = .
                0x20000028                        __bss_end__ = _ebss

._user_heap_stack
                0x20000028      0x600 load address 0x08000510
                0x20000028                        . = ALIGN (0x8)
                [!provide]                        PROVIDE (end = .)
                0x20000028                        PROVIDE (_end = .)
                0x20000228                        . = (. + _Min_Heap_Size)
 *fill*         0x20000028      0x200 
                0x20000628                        . = (. + _Min_Stack_Size)
 *fill*         0x20000228      0x400 
                0x20000628                        . = ALIGN (0x8)

/DISCARD/
 libc.a(*)
 libm.a(*)
 libgcc.a(*)

.ARM.attributes
                0x00000000       0x29
 *(.ARM.attributes)
 .ARM.attributes
                0x00000000       0x1d /home/guilherme/st/stm32cubeide_1.16.0/plugins/com.st.stm32cube.ide.mcu.externaltools.gnu-tools-for-stm32.12.3.rel1.linux64_1.0.200.202406132123/tools/bin/../lib/gcc/arm-none-eabi/12.3.1/thumb/v7-m/nofp/crti.o
 .ARM.attributes
                0x0000001d       0x2d /home/guilherme/st/stm32cubeide_1.16.0/plugins/com.st.stm32cube.ide.mcu.externaltools.gnu-tools-for-stm32.12.3.rel1.linux64_1.0.200.202406132123/tools/bin/../lib/gcc/arm-none-eabi/12.3.1/thumb/v7-m/nofp/crtbegin.o
 .ARM.attributes
                0x0000004a       0x2d ./Src/main.o
 .ARM.attributes
                0x00000077       0x2d ./Src/uart.o
 .ARM.attributes
                0x000000a4       0x21 ./Startup/startup_stm32f103c8tx.o
 .ARM.attributes
                0x000000c5       0x2d /home/guilherme/st/stm32cubeide_1.16.0/plugins/com.st.stm32cube.ide.mcu.externaltools.gnu-tools-for-stm32.12.3.rel1.linux64_1.0.200.202406132123/tools/bin/../lib/gcc/arm-none-eabi/12.3.1/../../../../arm-none-eabi/lib/thumb/v7-m/nofp/libc_nano.a(libc_a-init.o)
 .ARM.attributes
                0x000000f2       0x1d /home/guilherme/st/stm32cubeide_1.16.0/plugins/com.st.stm32cube.ide.mcu.externaltools.gnu-tools-for-stm32.12.3.rel1.linux64_1.0.200.202406132123/tools/bin/../lib/gcc/arm-none-eabi/12.3.1/thumb/v7-m/nofp/crtn.o
OUTPUT(rcc522.elf elf32-littlearm)
LOAD linker stubs
LOAD /home/guilherme/st/stm32cubeide_1.16.0/plugins/com.st.stm32cube.ide.mcu.externaltools.gnu-tools-for-stm32.12.3.rel1.linux64_1.0.200.202406132123/tools/bin/../lib/gcc/arm-none-eabi/12.3.1/../../../../arm-none-eabi/lib/thumb/v7-m/nofp/libc.a
LOAD /home/guilherme/st/stm32cubeide_1.16.0/plugins/com.st.stm32cube.ide.mcu.externaltools.gnu-tools-for-stm32.12.3.rel1.linux64_1.0.200.202406132123/tools/bin/../lib/gcc/arm-none-eabi/12.3.1/../../../../arm-none-eabi/lib/thumb/v7-m/nofp/libm.a
LOAD /home/guilherme/st/stm32cubeide_1.16.0/plugins/com.st.stm32cube.ide.mcu.externaltools.gnu-tools-for-stm32.12.3.rel1.linux64_1.0.200.202406132123/tools/bin/../lib/gcc/arm-none-eabi/12.3.1/thumb/v7-m/nofp/libgcc.a

.debug_info     0x00000000      0xd79
 .debug_info    0x00000000      0x8d6 ./Src/main.o
 .debug_info    0x000008d6      0x473 ./Src/uart.o
 .debug_info    0x00000d49       0x30 ./Startup/startup_stm32f103c8tx.o

.debug_abbrev   0x00000000      0x362
 .debug_abbrev  0x00000000      0x206 ./Src/main.o
 .debug_abbrev  0x00000206      0x138 ./Src/uart.o
 .debug_abbrev  0x0000033e       0x24 ./Startup/startup_stm32f103c8tx.o

.debug_aranges  0x00000000       0xb0
 .debug_aranges
                0x00000000       0x60 ./Src/main.o
 .debug_aranges
                0x00000060       0x28 ./Src/uart.o
 .debug_aranges
                0x00000088       0x28 ./Startup/startup_stm32f103c8tx.o

.debug_rnglists
                0x00000000       0x79
 .debug_rnglists
                0x00000000       0x47 ./Src/main.o
 .debug_rnglists
                0x00000047       0x19 ./Src/uart.o
 .debug_rnglists
                0x00000060       0x19 ./Startup/startup_stm32f103c8tx.o

.debug_macro    0x00000000    0x10017
 .debug_macro   0x00000000       0xc8 ./Src/main.o
 .debug_macro   0x000000c8      0xab4 ./Src/main.o
 .debug_macro   0x00000b7c       0x22 ./Src/main.o
 .debug_macro   0x00000b9e       0x8e ./Src/main.o
 .debug_macro   0x00000c2c       0x51 ./Src/main.o
 .debug_macro   0x00000c7d      0x103 ./Src/main.o
 .debug_macro   0x00000d80       0x6a ./Src/main.o
 .debug_macro   0x00000dea      0x1df ./Src/main.o
 .debug_macro   0x00000fc9       0x28 ./Src/main.o
 .debug_macro   0x00000ff1       0x22 ./Src/main.o
 .debug_macro   0x00001013       0x1c ./Src/main.o
 .debug_macro   0x0000102f       0x22 ./Src/main.o
 .debug_macro   0x00001051       0xbd ./Src/main.o
 .debug_macro   0x0000110e      0xd23 ./Src/main.o
 .debug_macro   0x00001e31     0xe09e ./Src/main.o
 .debug_macro   0x0000fecf       0x6d ./Src/main.o
 .debug_macro   0x0000ff3c       0xcb ./Src/uart.o
 .debug_macro   0x00010007       0x10 ./Src/uart.o

.debug_line     0x00000000      0xec3
 .debug_line    0x00000000      0x939 ./Src/main.o
 .debug_line    0x00000939      0x50f ./Src/uart.o
 .debug_line    0x00000e48       0x7b ./Startup/startup_stm32f103c8tx.o

.debug_str      0x00000000    0x548ad
 .debug_str     0x00000000    0x54857 ./Src/main.o
                              0x54b19 (size before relaxing)
 .debug_str     0x00054857       0x17 ./Src/uart.o
                              0x54a06 (size before relaxing)
 .debug_str     0x0005486e       0x3f ./Startup/startup_stm32f103c8tx.o
                                 0x73 (size before relaxing)

.comment        0x00000000       0x43
 .comment       0x00000000       0x43 ./Src/main.o
                                 0x44 (size before relaxing)
 .comment       0x00000043       0x44 ./Src/uart.o

.debug_frame    0x00000000      0x1b8
 .debug_frame   0x00000000      0x138 ./Src/main.o
 .debug_frame   0x00000138       0x54 ./Src/uart.o
 .debug_frame   0x0000018c       0x2c /home/guilherme/st/stm32cubeide_1.16.0/plugins/com.st.stm32cube.ide.mcu.externaltools.gnu-tools-for-stm32.12.3.rel1.linux64_1.0.200.202406132123/tools/bin/../lib/gcc/arm-none-eabi/12.3.1/../../../../arm-none-eabi/lib/thumb/v7-m/nofp/libc_nano.a(libc_a-init.o)

.debug_line_str
                0x00000000       0x57
 .debug_line_str
                0x00000000       0x57 ./Startup/startup_stm32f103c8tx.o
